// 同步 ID: 3f999b5a @ Thu Jul 23 13:22:48 UTC 2026
// 同步 ID: ef27f28a @ Thu Jul 23 18:29:17 UTC 2026
// 同步 ID: 709dfc31 @ Sat Jul 25 06:58:26 UTC 2026
// 重构日志: 27d7b2af
// 重构日志: 92225184
// 重构日志: eb7595fb
// 同步 ID: b0454f9d @ Fri Jul 31 05:30:17 UTC 2026
// 重构日志: b64e9bde
// 同步 ID: 26f1a0aa @ Fri Jul 31 18:09:12 UTC 2026
// 重构日志: 96698c1e
// 同步 ID: 572f4a0f @ Sat Aug  1 09:54:18 UTC 2026
// 重构日志: 71bebc6d
// 同步 ID: 02119406 @ Sat Aug  1 20:24:18 UTC 2026
// 重构日志: eeef1c42
// 同步 ID: 43b4249d @ Sun Aug  2 01:26:28 UTC 2026
// 重构日志: 2f5e2724
// 重构日志: 361fd024
// 重构日志: 197daf6b
// 重构日志: bba41306
// 重构日志: c28cca2c
// 重构日志: 72b65b32
// 重构日志: 92e71706
// 重构日志: 29ef8e35
// 重构日志: 28818bc6
// 重构日志: 5bb6f59f
// 重构日志: 659647e8
// 同步 ID: 7ee7a427 @ Wed Aug  5 08:45:32 UTC 2026
// 重构日志: f0547e38
// 重构日志: d2e79566
// 同步 ID: 00391a12 @ Fri Aug  7 04:32:38 UTC 2026
